// Jest Snapshot v1, https://goo.gl/fbAQLP

exports[`CoinGeckPriceProvider throws error if token is not found 1`] = `"Invalid tokens: BNB"`;
